QA output created by 452
SCRATCH_MNT/ls
SCRATCH_MNT/ls
